- Goto https://github.com/niladri-git & Create the following new repository:

 https://github.com/niladri-git/Git-Basics

- Open git Bash.

$ pwd
/h/workspace/Git

$ git clone https://github.com/niladri-git/Git-Basics.git

$ git add git-basics.txt

$ git status

$ git config --global user.name "Niladri Datta"

$ git config --global user.email "dattaniladri@gmail.com"

$ git config --list

$ git commit -m "First commit"

$ git remote add origin https://github.com/niladri-git/Git-Basics.git

$ git push origin master

$ git pull origin master

++++

ndatta@HOME-BFA7C5E8A8 /h/workspace/Git/Rathi (auto)
$ git show HEAD~1:ins_trd_21-05.sql
INSERT INTO TRADE (TRD_DT, MONTH, TYPE, NAME, TRD_QTY, ENT_DT, COMMENTS) VALUES
INSERT INTO TRADE (TRD_DT, MONTH, TYPE, NAME, TRD_QTY, ENT_DT, COMMENTS) VALUES

ndatta@HOME-BFA7C5E8A8 /h/workspace/Git/Rathi (auto)
$ git show HEAD~1:ins_trd_21-05.sql > ins_trd_21-05.sql

+++++

ndatta@HOME-BFA7C5E8A8 /h/workspace/Git/Git-Basics (master)
$ git checkout master

ndatta@HOME-BFA7C5E8A8 /h/workspace/Git/Git-Basics (master)
$ git pull origin master

ndatta@HOME-BFA7C5E8A8 /h/workspace/Git/Git-Basics (master)
$ git merge auto

ndatta@HOME-BFA7C5E8A8 /h/workspace/Git/Git-Basics (master)
$ git status

ndatta@HOME-BFA7C5E8A8 /h/workspace/Git/Git-Basics (master)
$ git push origin master

+++++

$ git push -u origin master

error: The requested URL returned error: 403 Forbidden while accessing https://github.com/niladri-git/WIP.git/info/refs
fatal: HTTP request failed

$ git remote set-url origin https://niladri-git@github.com/niladri-git/WIP.git

(gnome-ssh-askpass:2253): Gtk-WARNING **: cannot open display:

$ echo $SSH_ASKPASS
/usr/libexec/openssh/gnome-ssh-askpass

$ unset SSH_ASKPASS

$ git push -u origin master
SUCCESS

++++

# Checking out a single file from repo

$ git checkout  remove.sh

++++